[2025-09-28 09:21:54] Watching C:\Users\abram\OneDrive\DOCUMENTS\GitHub\sm2arta-help for changes (hidden).
[2025-09-28 09:31:39] Watching C:\Users\abram\OneDrive\DOCUMENTS\GitHub\sm2arta-help for changes (hidden).
[2025-09-28 09:31:54] Watching C:\Users\abram\OneDrive\DOCUMENTS\GitHub\sm2arta-help for changes (hidden).
[2025-09-28 09:37:25] Watching C:\Users\abram\OneDrive\DOCUMENTS\GitHub\sm2arta-help for changes (hidden).
[2025-09-28 09:39:13] Watching C:\Users\abram\OneDrive\DOCUMENTS\GitHub\sm2arta-help for changes (hidden).
[2025-09-28 10:31:54] Changed: C:\Users\abram\OneDrive\DOCUMENTS\GitHub\sm2arta-help\watch-publish.log
[2025-09-28 10:31:54] Changed: C:\Users\abram\OneDrive\DOCUMENTS\GitHub\sm2arta-help\css\effects.min.css
[2025-09-28 10:31:54] Changed: C:\Users\abram\OneDrive\DOCUMENTS\GitHub\sm2arta-help\css\effects.min.css
[2025-09-28 10:31:54] Changed: C:\Users\abram\OneDrive\DOCUMENTS\GitHub\sm2arta-help\css\effects.min.css
[2025-09-28 10:37:26] Changed: C:\Users\abram\OneDrive\DOCUMENTS\GitHub\sm2arta-help\watch-publish.log
[2025-09-28 10:37:26] Changed: C:\Users\abram\OneDrive\DOCUMENTS\GitHub\sm2arta-help\watch-publish.log
[2025-09-28 11:31:54] Changed: C:\Users\abram\OneDrive\DOCUMENTS\GitHub\sm2arta-help\css\layout.min.css
[2025-09-28 11:31:54] Changed: C:\Users\abram\OneDrive\DOCUMENTS\GitHub\sm2arta-help\css\layout.min.css
[2025-09-28 11:31:54] Changed: C:\Users\abram\OneDrive\DOCUMENTS\GitHub\sm2arta-help\css\layout.min.css
[2025-09-28 11:31:54] Changed: C:\Users\abram\OneDrive\DOCUMENTS\GitHub\sm2arta-help\css\print.min.css
[2025-09-28 11:37:26] Changed: C:\Users\abram\OneDrive\DOCUMENTS\GitHub\sm2arta-help\.git
[2025-09-28 11:37:26] Changed: C:\Users\abram\OneDrive\DOCUMENTS\GitHub\sm2arta-help\.git
[2025-09-28 12:31:54] Changed: C:\Users\abram\OneDrive\DOCUMENTS\GitHub\sm2arta-help\css\print.min.css
[2025-09-28 12:31:54] Changed: C:\Users\abram\OneDrive\DOCUMENTS\GitHub\sm2arta-help\css\print.min.css
[2025-09-28 12:31:54] Changed: C:\Users\abram\OneDrive\DOCUMENTS\GitHub\sm2arta-help\css\theme-dark-blue.min.css
[2025-09-28 12:31:54] Changed: C:\Users\abram\OneDrive\DOCUMENTS\GitHub\sm2arta-help\css\theme-dark-blue.min.css
[2025-09-28 12:37:26] Changed: C:\Users\abram\OneDrive\DOCUMENTS\GitHub\sm2arta-help\.git
[2025-09-28 13:08:59] Watching C:\Users\abram\OneDrive\DOCUMENTS\GitHub\sm2arta-help for changes (hidden).
[2025-10-08 07:50:23] Watching C:\Users\abram\OneDrive\DOCUMENTS\GitHub\sm2arta-help for changes (hidden).
[2025-10-12 09:44:51] Watching C:\Users\abram\OneDrive\DOCUMENTS\GitHub\sm2arta-help for changes (hidden).
[2025-10-12 11:44:52] Change detected. Publishing…
[2025-10-12 11:44:52] Publish complete.
[2025-10-12 12:44:52] Change detected. Publishing…
[2025-10-12 12:44:53] Publish complete.
[2025-10-19 16:30:31] Watching C:\Users\abram\OneDrive\DOCUMENTS\GitHub\sm2arta-help for changes (hidden).
[2025-10-19 18:30:31] Change detected. Publishing…
[2025-10-19 18:30:32] Publish complete.
[2025-10-19 22:45:57] Change detected. Publishing…
[2025-10-19 22:45:57] Publish complete.
[2025-10-23 21:19:41] Watching C:\Users\abram\OneDrive\DOCUMENTS\GitHub\sm2arta-help for changes (hidden).
[2025-10-24 09:18:38] Watching C:\Users\abram\OneDrive\DOCUMENTS\GitHub\sm2arta-help for changes (hidden).
[2025-10-24 19:25:05] Change detected. Publishing…
[2025-10-24 19:25:07] Publish complete.
[2025-10-25 07:23:47] Change detected. Publishing…
[2025-10-25 07:23:48] Publish complete.
[2025-10-25 08:23:48] Change detected. Publishing…
[2025-10-25 08:23:48] Publish complete.
[2025-10-25 09:23:48] Change detected. Publishing…
[2025-10-25 09:23:48] Publish complete.
[2025-10-25 10:23:48] Change detected. Publishing…
[2025-10-25 10:23:49] Publish complete.
[2025-10-25 11:23:49] Change detected. Publishing…
[2025-10-25 11:23:49] Publish complete.
[2025-10-25 12:23:49] Change detected. Publishing…
[2025-10-25 12:23:49] Publish complete.
[2025-10-25 13:29:13] Change detected. Publishing…
[2025-10-25 13:29:13] Publish complete.
[2025-10-25 14:29:13] Change detected. Publishing…
[2025-10-25 14:29:13] Publish complete.
[2025-10-25 15:29:13] Change detected. Publishing…
[2025-10-25 15:29:13] Publish complete.
[2025-10-25 16:29:13] Change detected. Publishing…
[2025-10-25 16:29:14] Publish complete.
[2025-10-25 17:29:14] Change detected. Publishing…
[2025-10-25 17:29:14] Publish complete.
[2025-10-25 18:33:45] Change detected. Publishing…
[2025-10-25 18:33:45] Publish complete.
[2025-10-25 19:33:45] Change detected. Publishing…
[2025-10-25 19:33:46] Publish complete.
[2025-10-25 20:38:10] Change detected. Publishing…
[2025-10-25 20:38:10] Publish complete.
[2025-10-25 21:38:10] Change detected. Publishing…
[2025-10-25 21:38:11] Publish complete.
[2025-10-25 22:38:11] Change detected. Publishing…
[2025-10-25 22:38:11] Publish complete.
[2025-10-25 23:45:42] Change detected. Publishing…
[2025-10-25 23:45:42] Publish complete.
[2025-10-26 00:45:42] Change detected. Publishing…
[2025-10-26 00:45:43] Publish complete.
[2025-10-26 01:45:43] Change detected. Publishing…
[2025-10-26 01:45:43] Publish complete.
[2025-10-26 02:45:44] Change detected. Publishing…
[2025-10-26 02:45:44] Publish complete.
[2025-10-26 03:45:44] Change detected. Publishing…
[2025-10-26 03:45:44] Publish complete.
[2025-10-26 04:45:44] Change detected. Publishing…
[2025-10-26 04:45:44] Publish complete.
[2025-10-26 05:45:44] Change detected. Publishing…
[2025-10-26 05:45:44] Publish complete.
[2025-10-26 06:45:44] Change detected. Publishing…
[2025-10-26 06:45:45] Publish complete.
[2025-10-26 07:52:29] Change detected. Publishing…
[2025-10-26 07:52:30] Publish complete.
[2025-10-26 08:52:30] Change detected. Publishing…
[2025-10-26 08:52:30] Publish complete.
[2025-10-26 09:58:30] Change detected. Publishing…
[2025-10-26 09:58:30] Publish complete.
[2025-10-26 11:02:57] Change detected. Publishing…
[2025-10-26 11:02:58] Publish complete.
[2025-10-26 12:04:21] Change detected. Publishing…
[2025-10-26 12:04:21] Publish complete.
[2025-10-26 13:08:45] Change detected. Publishing…
[2025-10-26 13:08:45] Publish complete.
[2025-10-26 14:08:45] Change detected. Publishing…
[2025-10-26 14:08:45] Publish complete.
[2025-10-26 15:08:45] Change detected. Publishing…
[2025-10-26 15:08:45] Publish complete.
[2025-10-26 16:08:45] Change detected. Publishing…
[2025-10-26 16:08:45] Publish complete.
[2025-10-26 17:08:46] Change detected. Publishing…
[2025-10-26 17:08:46] Publish complete.
[2025-10-26 18:17:29] Change detected. Publishing…
[2025-10-26 18:17:29] Publish complete.
[2025-10-26 19:17:29] Change detected. Publishing…
[2025-10-26 19:17:29] Publish complete.
[2025-10-31 22:31:39] Watching C:\Users\abram\OneDrive\DOCUMENTS\GitHub\sm2arta-help for changes (hidden).
[2025-11-01 12:42:30] Watching C:\Users\abram\OneDrive\DOCUMENTS\GitHub\sm2arta-help for changes (hidden).
[2025-11-01 15:04:24] Change detected. Publishing…
[2025-11-01 15:04:25] Publish complete.
[2025-12-04 21:23:47] Watching C:\Users\abram\OneDrive\DOCUMENTS\GitHub\sm2arta-help for changes (hidden).
[2025-12-08 14:16:47] Watching C:\Users\abram\OneDrive\DOCUMENTS\GitHub\sm2arta-help for changes (hidden).
[2025-12-08 16:19:16] Change detected. Publishing…
[2025-12-08 16:19:17] Publish complete.
[2025-12-08 17:20:07] Change detected. Publishing…
[2025-12-08 17:20:08] Publish complete.
[2025-12-09 22:04:28] Change detected. Publishing…
[2025-12-09 22:04:28] Publish complete.
[2025-12-09 23:04:28] Change detected. Publishing…
[2025-12-09 23:04:29] Publish complete.
[2025-12-10 00:04:29] Change detected. Publishing…
[2025-12-10 00:04:31] Publish complete.
[2025-12-10 03:24:09] Change detected. Publishing…
[2025-12-10 03:24:10] Publish complete.
[2025-12-10 07:56:36] Change detected. Publishing…
[2025-12-10 07:56:36] Publish complete.
[2025-12-10 08:56:36] Change detected. Publishing…
[2025-12-10 08:56:36] Publish complete.
[2025-12-21 20:43:50] Watching C:\Users\abram\OneDrive\DOCUMENTS\GitHub\sm2arta-help for changes (hidden).
[2025-12-27 23:49:49] Change detected. Publishing…
[2025-12-27 23:53:56] Publish complete.
[2026-01-01 08:15:22] Watching C:\Users\abram\OneDrive\DOCUMENTS\GitHub\sm2arta-help for changes (hidden).
[2026-01-02 18:19:49] Watching C:\Users\abram\OneDrive\DOCUMENTS\GitHub\sm2arta-help for changes (hidden).
[2026-01-20 18:10:41] Watching C:\Users\abram\OneDrive\DOCUMENTS\GitHub\sm2arta-help for changes (hidden).
[2026-01-20 20:18:04] Change detected. Publishing…
[2026-01-20 20:18:05] Publish complete.
[2026-03-29 15:45:41] Watching C:\Users\abram\OneDrive\DOCUMENTS\GitHub\sm2arta-help for changes (hidden).
[2026-03-29 18:11:27] Change detected. Publishing…
[2026-03-29 18:11:28] Publish complete.
[2026-03-29 19:11:28] Change detected. Publishing…
[2026-03-29 19:11:28] Publish complete.
[2026-03-29 20:13:47] Change detected. Publishing…
[2026-03-29 20:13:47] Publish complete.
[2026-05-09 02:55:29] Watching C:\Users\abram\OneDrive\DOCUMENTS\GitHub\sm2arta-help for changes (hidden).
[2026-05-09 05:04:28] Change detected. Publishing…
[2026-05-09 05:04:28] Publish complete.
[2026-05-09 06:04:28] Change detected. Publishing…
[2026-05-09 06:04:29] Publish complete.
[2026-05-09 07:04:29] Change detected. Publishing…
[2026-05-09 07:04:29] Publish complete.
[2026-05-09 08:04:29] Change detected. Publishing…
[2026-05-09 08:04:29] Publish complete.
[2026-05-09 09:27:52] Change detected. Publishing…
[2026-05-09 09:27:53] Publish complete.
[2026-05-09 10:27:53] Change detected. Publishing…
[2026-05-09 10:27:53] Publish complete.
[2026-05-09 11:27:53] Change detected. Publishing…
[2026-05-09 11:27:53] Publish complete.
[2026-05-09 12:27:53] Change detected. Publishing…
[2026-05-09 12:27:53] Publish complete.
[2026-05-09 13:27:53] Change detected. Publishing…
[2026-05-09 13:27:54] Publish complete.
[2026-05-09 15:31:50] Change detected. Publishing…
[2026-05-09 15:31:51] Publish complete.
[2026-05-09 16:31:51] Change detected. Publishing…
[2026-05-09 16:31:51] Publish complete.
[2026-05-09 17:31:51] Change detected. Publishing…
[2026-05-09 17:31:51] Publish complete.
[2026-05-09 18:31:51] Change detected. Publishing…
[2026-05-09 18:31:51] Publish complete.
[2026-05-09 19:31:51] Change detected. Publishing…
[2026-05-09 19:31:51] Publish complete.
[2026-05-09 20:31:51] Change detected. Publishing…
[2026-05-09 20:31:52] Publish complete.
[2026-05-09 21:31:52] Change detected. Publishing…
[2026-05-09 21:31:52] Publish complete.
[2026-05-09 22:31:52] Change detected. Publishing…
[2026-05-09 22:31:52] Publish complete.
[2026-05-09 23:31:52] Change detected. Publishing…
[2026-05-09 23:31:52] Publish complete.
[2026-05-10 00:31:52] Change detected. Publishing…
[2026-05-10 00:31:53] Publish complete.
[2026-05-10 01:31:53] Change detected. Publishing…
[2026-05-10 01:31:53] Publish complete.
[2026-05-10 02:25:33] Watching C:\Users\abram\OneDrive\DOCUMENTS\GitHub\sm2arta-help for changes (hidden).
[2026-05-10 02:28:13] Watching C:\Users\abram\OneDrive\DOCUMENTS\GitHub\sm2arta-help for changes (hidden).
[2026-05-10 10:32:19] Change detected. Publishing…
[2026-05-10 10:32:20] Publish complete.
[2026-05-10 12:05:11] Change detected. Publishing…
[2026-05-10 12:05:11] Publish complete.
[2026-05-10 13:05:11] Change detected. Publishing…
[2026-05-10 13:05:11] Publish complete.
[2026-05-16 02:12:24] Watching C:\Users\abram\OneDrive\DOCUMENTS\GitHub\sm2arta-help for changes (hidden).
[2026-05-16 02:14:17] Watching C:\Users\abram\OneDrive\DOCUMENTS\GitHub\sm2arta-help for changes (hidden).
[2026-05-16 09:55:34] Change detected. Publishing…
[2026-05-16 09:55:34] Publish complete.
[2026-05-16 10:55:34] Change detected. Publishing…
[2026-05-16 10:55:35] Publish complete.
[2026-05-16 11:55:35] Change detected. Publishing…
[2026-05-16 11:55:35] Publish complete.
[2026-05-16 12:55:35] Change detected. Publishing…
[2026-05-16 12:55:35] Publish complete.
[2026-05-16 13:55:35] Change detected. Publishing…
[2026-05-16 13:55:35] Publish complete.
[2026-05-16 15:14:29] Change detected. Publishing…
[2026-05-16 15:14:29] Publish complete.
[2026-05-16 16:14:29] Change detected. Publishing…
[2026-05-16 16:14:29] Publish complete.
[2026-05-16 17:14:29] Change detected. Publishing…
[2026-05-16 17:14:29] Publish complete.
[2026-05-16 18:14:29] Change detected. Publishing…
[2026-05-16 18:14:30] Publish complete.
[2026-05-16 19:24:02] Change detected. Publishing…
[2026-05-16 19:24:03] Publish complete.
[2026-05-16 20:24:03] Change detected. Publishing…
[2026-05-16 20:24:03] Publish complete.
[2026-05-16 21:24:03] Change detected. Publishing…
[2026-05-16 21:24:03] Publish complete.
[2026-05-16 22:45:17] Change detected. Publishing…
[2026-05-16 22:45:17] Publish complete.
[2026-05-16 23:45:17] Change detected. Publishing…
[2026-05-16 23:45:18] Publish complete.
[2026-05-17 00:45:18] Change detected. Publishing…
[2026-05-17 00:45:18] Publish complete.
[2026-05-17 01:45:18] Change detected. Publishing…
[2026-05-17 01:45:18] Publish complete.
[2026-05-17 02:45:18] Change detected. Publishing…
[2026-05-17 02:45:18] Publish complete.
[2026-05-17 03:55:21] Change detected. Publishing…
[2026-05-17 03:55:22] Publish complete.
[2026-05-17 05:31:35] Change detected. Publishing…
[2026-05-17 05:31:36] Publish complete.
[2026-05-17 06:39:01] Change detected. Publishing…
[2026-05-17 06:39:01] Publish complete.
[2026-05-17 07:39:01] Change detected. Publishing…
[2026-05-17 07:39:01] Publish complete.
[2026-05-17 08:39:01] Change detected. Publishing…
[2026-05-17 08:39:02] Publish complete.
[2026-05-17 09:39:02] Change detected. Publishing…
[2026-05-17 09:39:02] Publish complete.
[2026-05-17 10:39:02] Change detected. Publishing…
[2026-05-17 10:39:02] Publish complete.
[2026-05-31 02:23:09] Watching C:\Users\abram\OneDrive\DOCUMENTS\GitHub\sm2arta-help for changes (hidden).
[2026-05-31 02:25:25] Watching C:\Users\abram\OneDrive\DOCUMENTS\GitHub\sm2arta-help for changes (hidden).
[2026-05-31 19:02:34] Change detected. Publishing…
[2026-05-31 19:02:34] Publish complete.
[2026-05-31 20:02:35] Change detected. Publishing…
[2026-05-31 20:02:35] Publish complete.
[2026-05-31 21:08:07] Change detected. Publishing…
[2026-05-31 21:08:07] Publish complete.
[2026-05-31 22:08:07] Change detected. Publishing…
[2026-05-31 22:08:08] Publish complete.
[2026-05-31 23:27:26] Change detected. Publishing…
[2026-05-31 23:27:26] Publish complete.
[2026-06-01 00:27:26] Change detected. Publishing…
[2026-06-01 00:27:26] Publish complete.
[2026-06-01 01:27:26] Change detected. Publishing…
[2026-06-01 01:27:26] Publish complete.
[2026-06-01 02:27:27] Change detected. Publishing…
[2026-06-01 02:27:27] Publish complete.
[2026-06-01 04:07:20] Change detected. Publishing…
[2026-06-01 04:07:20] Publish complete.
[2026-06-01 05:07:20] Change detected. Publishing…
[2026-06-01 05:07:21] Publish complete.
[2026-06-01 06:07:21] Change detected. Publishing…
[2026-06-01 06:07:21] Publish complete.
[2026-06-01 07:07:21] Change detected. Publishing…
[2026-06-01 07:07:21] Publish complete.
[2026-06-01 08:07:21] Change detected. Publishing…
[2026-06-01 08:07:21] Publish complete.
[2026-06-01 09:07:21] Change detected. Publishing…
[2026-06-01 09:07:21] Publish complete.
[2026-06-01 10:07:21] Change detected. Publishing…
[2026-06-01 10:07:22] Publish complete.
[2026-06-01 11:07:22] Change detected. Publishing…
[2026-06-01 11:07:22] Publish complete.
[2026-06-01 12:07:22] Change detected. Publishing…
[2026-06-01 12:07:22] Publish complete.
[2026-06-01 13:07:22] Change detected. Publishing…
[2026-06-01 13:07:22] Publish complete.
[2026-06-01 14:07:22] Change detected. Publishing…
[2026-06-01 14:07:23] Publish complete.
[2026-06-01 15:07:23] Change detected. Publishing…
[2026-06-01 15:07:23] Publish complete.
[2026-06-01 16:07:23] Change detected. Publishing…
[2026-06-01 16:07:23] Publish complete.
[2026-06-01 17:46:19] Change detected. Publishing…
[2026-06-01 17:46:19] Publish complete.
[2026-06-01 18:46:19] Change detected. Publishing…
[2026-06-01 18:46:19] Publish complete.
[2026-06-03 09:26:29] Watching C:\Users\abram\OneDrive\DOCUMENTS\GitHub\sm2arta-help for changes (hidden).
[2026-06-03 11:26:30] Change detected. Publishing…
[2026-06-03 11:26:31] Publish complete.
[2026-06-03 12:26:31] Change detected. Publishing…
[2026-06-03 12:26:32] Publish complete.
[2026-06-03 13:26:32] Change detected. Publishing…
[2026-06-03 13:26:33] Publish complete.
[2026-06-03 14:26:33] Change detected. Publishing…
[2026-06-03 14:26:33] Publish complete.
[2026-06-03 15:26:34] Change detected. Publishing…
[2026-06-03 15:26:34] Publish complete.
[2026-06-03 16:26:35] Change detected. Publishing…
[2026-06-03 16:26:35] Publish complete.
